// Vitest Snapshot v1, https://vitest.dev/guide/snapshot.html

exports[`renders nav 1`] = `
<div>
  <div
    class="flex justify-between px-6 py-2 gap-3 items-center	shadow-md"
  >
    <a
      aria-label="home page"
      class="shrink-0"
      href="/"
    >
      <img
        alt="fashonique logo"
        class="w-[200px] h-[30px]"
        src="/src/assets/logo.svg"
      />
    </a>
    <form
      class="flex items-center border-[1px] border-slate-200 rounded-lg h-[40px] w-[min-content]"
      role="search"
    >
      <button
        class="m-2"
      >
        <svg
          class="text-slate-500"
          fill="currentColor"
          height="1em"
          stroke="currentColor"
          stroke-width="0"
          viewBox="0 0 512 512"
          width="1em"
          xmlns="http://www.w3.org/2000/svg"
        >
          <path
            d="M505 442.7L405.3 343c-4.5-4.5-10.6-7-17-7H372c27.6-35.3 44-79.7 44-128C416 93.1 322.9 0 208 0S0 93.1 0 208s93.1 208 208 208c48.3 0 92.7-16.4 128-44v16.3c0 6.4 2.5 12.5 7 17l99.7 99.7c9.4 9.4 24.6 9.4 33.9 0l28.3-28.3c9.4-9.4 9.4-24.6.1-34zM208 336c-70.7 0-128-57.2-128-128 0-70.7 57.2-128 128-128 70.7 0 128 57.2 128 128 0 70.7-57.2 128-128 128z"
          />
        </svg>
      </button>
      <input
        autocomplete="off"
        class="p-1 bg-transparent"
        id="search"
        placeholder="Search"
        type="search"
      />
    </form>
    <ul
      class="flex gap-3 text-lg"
    >
      <li>
        <a
          href="/"
        >
          Home
        </a>
      </li>
      <li>
        <a
          href="/store"
        >
          Store
        </a>
      </li>
      <li>
        <a
          href="/#contact"
        >
          Contact
        </a>
      </li>
      <li
        class="flex"
      >
        <button>
          <svg
            class="text-xl"
            fill="currentColor"
            height="1em"
            stroke="currentColor"
            stroke-width="0"
            viewBox="0 0 576 512"
            width="1em"
            xmlns="http://www.w3.org/2000/svg"
          >
            <path
              d="M528.12 301.319l47.273-208C578.806 78.301 567.391 64 551.99 64H159.208l-9.166-44.81C147.758 8.021 137.93 0 126.529 0H24C10.745 0 0 10.745 0 24v16c0 13.255 10.745 24 24 24h69.883l70.248 343.435C147.325 417.1 136 435.222 136 456c0 30.928 25.072 56 56 56s56-25.072 56-56c0-15.674-6.447-29.835-16.824-40h209.647C430.447 426.165 424 440.326 424 456c0 30.928 25.072 56 56 56s56-25.072 56-56c0-22.172-12.888-41.332-31.579-50.405l5.517-24.276c3.413-15.018-8.002-29.319-23.403-29.319H218.117l-6.545-32h293.145c11.206 0 20.92-7.754 23.403-18.681z"
            />
          </svg>
        </button>
      </li>
    </ul>
  </div>
</div>
`;
